// Jest Snapshot v1, https://goo.gl/fbAQLP

exports[`matches snapshot 1`] = `
Array [
  <div
    data-testid="todo-1"
  >
    --
    <h1>
      todo -----
      bring milk
    </h1>
    --
  </div>,
  " ",
]
`;
